Archive member included to satisfy reference by file (symbol)

D:/e2_studio/toolchains/gcc_arm/13.2.rel1/bin/../lib/gcc/arm-none-eabi/13.2.1/thumb/v8-m.main+fp/hard\libgcc.a(_aeabi_ldivmod.o)
                              ./ra/fsp/src/r_sci_uart/r_sci_uart.o (__aeabi_ldivmod)
D:/e2_studio/toolchains/gcc_arm/13.2.rel1/bin/../lib/gcc/arm-none-eabi/13.2.1/thumb/v8-m.main+fp/hard\libgcc.a(_udivmoddi4.o)
                              D:/e2_studio/toolchains/gcc_arm/13.2.rel1/bin/../lib/gcc/arm-none-eabi/13.2.1/thumb/v8-m.main+fp/hard\libgcc.a(_aeabi_ldivmod.o) (__udivmoddi4)
D:/e2_studio/toolchains/gcc_arm/13.2.rel1/bin/../lib/gcc/arm-none-eabi/13.2.1/thumb/v8-m.main+fp/hard\libgcc.a(_dvmd_tls.o)
                              D:/e2_studio/toolchains/gcc_arm/13.2.rel1/bin/../lib/gcc/arm-none-eabi/13.2.1/thumb/v8-m.main+fp/hard\libgcc.a(_aeabi_ldivmod.o) (__aeabi_ldiv0)
D:/e2_studio/toolchains/gcc_arm/13.2.rel1/bin/../lib/gcc/arm-none-eabi/13.2.1/thumb/v8-m.main+fp/hard\libg_nano.a(libc_a-exit.o)
                              D:/e2_studio/toolchains/gcc_arm/13.2.rel1/bin/../lib/gcc/arm-none-eabi/13.2.1/thumb/v8-m.main+fp/hard/crt0.o (exit)
D:/e2_studio/toolchains/gcc_arm/13.2.rel1/bin/../lib/gcc/arm-none-eabi/13.2.1/thumb/v8-m.main+fp/hard\libg_nano.a(libc_a-findfp.o)
                              D:/e2_studio/toolchains/gcc_arm/13.2.rel1/bin/../lib/gcc/arm-none-eabi/13.2.1/thumb/v8-m.main+fp/hard\libg_nano.a(libc_a-exit.o) (__stdio_exit_handler)
D:/e2_studio/toolchains/gcc_arm/13.2.rel1/bin/../lib/gcc/arm-none-eabi/13.2.1/thumb/v8-m.main+fp/hard\libg_nano.a(libc_a-fwalk.o)
                              D:/e2_studio/toolchains/gcc_arm/13.2.rel1/bin/../lib/gcc/arm-none-eabi/13.2.1/thumb/v8-m.main+fp/hard\libg_nano.a(libc_a-findfp.o) (_fwalk_sglue)
D:/e2_studio/toolchains/gcc_arm/13.2.rel1/bin/../lib/gcc/arm-none-eabi/13.2.1/thumb/v8-m.main+fp/hard\libg_nano.a(libc_a-sprintf.o)
                              ./src/Test_LQZ/Test_LQZ.o (sprintf)
D:/e2_studio/toolchains/gcc_arm/13.2.rel1/bin/../lib/gcc/arm-none-eabi/13.2.1/thumb/v8-m.main+fp/hard\libg_nano.a(libc_a-stdio.o)
                              D:/e2_studio/toolchains/gcc_arm/13.2.rel1/bin/../lib/gcc/arm-none-eabi/13.2.1/thumb/v8-m.main+fp/hard\libg_nano.a(libc_a-findfp.o) (__sread)
D:/e2_studio/toolchains/gcc_arm/13.2.rel1/bin/../lib/gcc/arm-none-eabi/13.2.1/thumb/v8-m.main+fp/hard\libg_nano.a(libc_a-memset.o)
                              D:/e2_studio/toolchains/gcc_arm/13.2.rel1/bin/../lib/gcc/arm-none-eabi/13.2.1/thumb/v8-m.main+fp/hard/crt0.o (memset)
D:/e2_studio/toolchains/gcc_arm/13.2.rel1/bin/../lib/gcc/arm-none-eabi/13.2.1/thumb/v8-m.main+fp/hard\libg_nano.a(libc_a-closer.o)
                              D:/e2_studio/toolchains/gcc_arm/13.2.rel1/bin/../lib/gcc/arm-none-eabi/13.2.1/thumb/v8-m.main+fp/hard\libg_nano.a(libc_a-stdio.o) (_close_r)
D:/e2_studio/toolchains/gcc_arm/13.2.rel1/bin/../lib/gcc/arm-none-eabi/13.2.1/thumb/v8-m.main+fp/hard\libg_nano.a(libc_a-reent.o)
                              D:/e2_studio/toolchains/gcc_arm/13.2.rel1/bin/../lib/gcc/arm-none-eabi/13.2.1/thumb/v8-m.main+fp/hard\libg_nano.a(libc_a-closer.o) (errno)
D:/e2_studio/toolchains/gcc_arm/13.2.rel1/bin/../lib/gcc/arm-none-eabi/13.2.1/thumb/v8-m.main+fp/hard\libg_nano.a(libc_a-impure.o)
                              D:/e2_studio/toolchains/gcc_arm/13.2.rel1/bin/../lib/gcc/arm-none-eabi/13.2.1/thumb/v8-m.main+fp/hard\libg_nano.a(libc_a-sprintf.o) (_impure_ptr)
D:/e2_studio/toolchains/gcc_arm/13.2.rel1/bin/../lib/gcc/arm-none-eabi/13.2.1/thumb/v8-m.main+fp/hard\libg_nano.a(libc_a-lseekr.o)
                              D:/e2_studio/toolchains/gcc_arm/13.2.rel1/bin/../lib/gcc/arm-none-eabi/13.2.1/thumb/v8-m.main+fp/hard\libg_nano.a(libc_a-stdio.o) (_lseek_r)
D:/e2_studio/toolchains/gcc_arm/13.2.rel1/bin/../lib/gcc/arm-none-eabi/13.2.1/thumb/v8-m.main+fp/hard\libg_nano.a(libc_a-readr.o)
                              D:/e2_studio/toolchains/gcc_arm/13.2.rel1/bin/../lib/gcc/arm-none-eabi/13.2.1/thumb/v8-m.main+fp/hard\libg_nano.a(libc_a-stdio.o) (_read_r)
D:/e2_studio/toolchains/gcc_arm/13.2.rel1/bin/../lib/gcc/arm-none-eabi/13.2.1/thumb/v8-m.main+fp/hard\libg_nano.a(libc_a-writer.o)
                              D:/e2_studio/toolchains/gcc_arm/13.2.rel1/bin/../lib/gcc/arm-none-eabi/13.2.1/thumb/v8-m.main+fp/hard\libg_nano.a(libc_a-stdio.o) (_write_r)
D:/e2_studio/toolchains/gcc_arm/13.2.rel1/bin/../lib/gcc/arm-none-eabi/13.2.1/thumb/v8-m.main+fp/hard\libg_nano.a(libc_a-errno.o)
                              ./ra/fsp/src/bsp/mcu/all/bsp_sbrk.o (__errno)
D:/e2_studio/toolchains/gcc_arm/13.2.rel1/bin/../lib/gcc/arm-none-eabi/13.2.1/thumb/v8-m.main+fp/hard\libg_nano.a(libc_a-init.o)
                              D:/e2_studio/toolchains/gcc_arm/13.2.rel1/bin/../lib/gcc/arm-none-eabi/13.2.1/thumb/v8-m.main+fp/hard/crt0.o (__libc_init_array)
D:/e2_studio/toolchains/gcc_arm/13.2.rel1/bin/../lib/gcc/arm-none-eabi/13.2.1/thumb/v8-m.main+fp/hard\libg_nano.a(libc_a-lock.o)
[...]
Memory Configuration

Name             Origin             Length             Attributes
RAM              0x20000000         0x00080000         xrw
FLASH            0x00000000         0x00100000         xr
DATA_FLASH       0x08000000         0x00002000         xr
QSPI_FLASH       0x60000000         0x04000000         xr
OSPI0_CS0        0x68000000         0x08000000         xrw
OSPI0_CS1        0x70000000         0x10000000         xr
OPTION_SETTING_OFS0 0x0100a100         0x00000004         r
OPTION_SETTING_DUALSEL 0x0100a110         0x00000004         r
OPTION_SETTING_OFS1 0x0100a180         0x00000004         r
OPTION_SETTING_BANKSEL 0x0100a190         0x00000004         r
OPTION_SETTING_BPS 0x0100a1c0         0x00000010         r
OPTION_SETTING_PBPS 0x0100a1e0         0x00000010         r
OPTION_SETTING_OFS1_SEC 0x0100a200         0x00000004         r
OPTION_SETTING_BANKSEL_SEC 0x0100a210         0x00000004         r
OPTION_SETTING_BPS_SEC 0x0100a240         0x00000010         r
OPTION_SETTING_PBPS_SEC 0x0100a260         0x00000010         r
OPTION_SETTING_OFS1_SEL 0x0100a280         0x00000004         r
OPTION_SETTING_BANKSEL_SEL 0x0100a290         0x00000004         r
OPTION_SETTING_BPS_SEL 0x0100a2c0         0x00000010         r
*default*        0x00000000         0xffffffff

Linker script and memory map

LOAD D:/e2_studio/toolchains/gcc_arm/13.2.rel1/bin/../lib/gcc/arm-none-eabi/13.2.1/thumb/v8-m.main+fp/hard/crti.o
LOAD D:/e2_studio/toolchains/gcc_arm/13.2.rel1/bin/../lib/gcc/arm-none-eabi/13.2.1/thumb/v8-m.main+fp/hard/crtbegin.o
LOAD D:/e2_studio/toolchains/gcc_arm/13.2.rel1/bin/../lib/gcc/arm-none-eabi/13.2.1/thumb/v8-m.main+fp/hard/crt0.o
START GROUP
LOAD ./src/gpt/bsp_gpt.o
LOAD ./src/UART/uart.o
LOAD ./src/Test_LQZ/Test_LQZ.o
LOAD ./src/STP_23L/stp_23l.o
LOAD ./src/OLED/OLED.o
LOAD ./src/IIC/IIC.o
LOAD ./src/ICM_20948/icm_20948.o
LOAD ./src/DMA/bsp_dma.o
LOAD ./src/ADC/bsp_adc.o
LOAD ./src/hal_entry.o
LOAD ./src/hal_warmstart.o
LOAD ./ra_gen/common_data.o
LOAD ./ra_gen/hal_data.o
LOAD ./ra_gen/main.o
LOAD ./ra_gen/pin_data.o
LOAD ./ra_gen/vector_data.o
LOAD ./ra/fsp/src/r_sci_uart/r_sci_uart.o
LOAD ./ra/fsp/src/r_sci_i2c/r_sci_i2c.o
LOAD ./ra/fsp/src/r_ioport/r_ioport.o
LOAD ./ra/fsp/src/r_gpt/r_gpt.o
LOAD ./ra/fsp/src/r_dmac/r_dmac.o
LOAD ./ra/fsp/src/r_adc/r_adc.o
LOAD ./ra/fsp/src/bsp/mcu/ra6m5/bsp_linker.o
LOAD ./ra/fsp/src/bsp/mcu/all/bsp_clocks.o
LOAD ./ra/fsp/src/bsp/mcu/all/bsp_common.o
LOAD ./ra/fsp/src/bsp/mcu/all/bsp_delay.o
LOAD ./ra/fsp/src/bsp/mcu/all/bsp_group_irq.o
LOAD ./ra/fsp/src/bsp/mcu/all/bsp_guard.o
LOAD ./ra/fsp/src/bsp/mcu/all/bsp_io.o
LOAD ./ra/fsp/src/bsp/mcu/all/bsp_ipc.o
LOAD ./ra/fsp/src/bsp/mcu/all/bsp_irq.o
LOAD ./ra/fsp/src/bsp/mcu/all/bsp_macl.o
LOAD ./ra/fsp/src/bsp/mcu/all/bsp_ospi_b.o
LOAD ./ra/fsp/src/bsp/mcu/all/bsp_register_protection.o
LOAD ./ra/fsp/src/bsp/mcu/all/bsp_sbrk.o
LOAD ./ra/fsp/src/bsp/mcu/all/bsp_sdram.o
LOAD ./ra/fsp/src/bsp/mcu/all/bsp_security.o
LOAD ./ra/fsp/src/bsp/cmsis/Device/RENESAS/Source/startup.o
LOAD ./ra/fsp/src/bsp/cmsis/Device/RENESAS/Source/system.o
END GROUP
START GROUP
LOAD D:/e2_studio/toolchains/gcc_arm/13.2.rel1/bin/../lib/gcc/arm-none-eabi/13.2.1/thumb/v8-m.main+fp/hard\libgcc.a
LOAD D:/e2_studio/toolchains/gcc_arm/13.2.rel1/bin/../lib/gcc/arm-none-eabi/13.2.1/thumb/v8-m.main+fp/hard\libg_nano.a
LOAD D:/e2_studio/toolchains/gcc_arm/13.2.rel1/bin/../lib/gcc/arm-none-eabi/13.2.1/thumb/v8-m.main+fp/hard\libc_nano.a
END GROUP
START GROUP
LOAD D:/e2_studio/toolchains/gcc_arm/13.2.rel1/bin/../lib/gcc/arm-none-eabi/13.2.1/thumb/v8-m.main+fp/hard\libgcc.a
LOAD D:/e2_studio/toolchains/gcc_arm/13.2.rel1/bin/../lib/gcc/arm-none-eabi/13.2.1/thumb/v8-m.main+fp/hard\libc_nano.a
END GROUP
LOAD D:/e2_studio/toolchains/gcc_arm/13.2.rel1/bin/../lib/gcc/arm-none-eabi/13.2.1/thumb/v8-m.main+fp/hard/crtend.o
LOAD D:/e2_studio/toolchains/gcc_arm/13.2.rel1/bin/../lib/gcc/arm-none-eabi/13.2.1/thumb/v8-m.main+fp/hard/crtn.o
                0x20000000                        RAM_START = 0x20000000
                0x00080000                        RAM_LENGTH = 0x80000
                0x00000000                        FLASH_START = 0x0
                0x00100000                        FLASH_LENGTH = 0x100000
                0x08000000                        DATA_FLASH_START = 0x8000000
                0x00002000                        DATA_FLASH_LENGTH = 0x2000
                0x60000000                        QSPI_FLASH_START = 0x60000000
                0x04000000                        QSPI_FLASH_LENGTH = 0x4000000
                0x68000000                        OSPI0_CS0_START = 0x68000000
                0x08000000                        OSPI0_CS0_LENGTH = 0x8000000
                0x70000000                        OSPI0_CS1_START = 0x70000000
                0x10000000                        OSPI0_CS1_LENGTH = 0x10000000
                0x0100a100                        OPTION_SETTING_OFS0_START = 0x100a100
                0x00000004                        OPTION_SETTING_OFS0_LENGTH = 0x4
                0x0100a110                        OPTION_SETTING_DUALSEL_START = 0x100a110
                0x00000004                        OPTION_SETTING_DUALSEL_LENGTH = 0x4
                0x0100a180                        OPTION_SETTING_OFS1_START = 0x100a180
                0x00000004                        OPTION_SETTING_OFS1_LENGTH = 0x4
                0x0100a190                        OPTION_SETTING_BANKSEL_START = 0x100a190
                0x00000004                        OPTION_SETTING_BANKSEL_LENGTH = 0x4
                0x0100a1c0                        OPTION_SETTING_BPS_START = 0x100a1c0
                0x00000010                        OPTION_SETTING_BPS_LENGTH = 0x10
                0x0100a1e0                        OPTION_SETTING_PBPS_START = 0x100a1e0
                0x00000010                        OPTION_SETTING_PBPS_LENGTH = 0x10
                0x0100a200                        OPTION_SETTING_OFS1_SEC_START = 0x100a200
                0x00000004                        OPTION_SETTING_OFS1_SEC_LENGTH = 0x4
                0x0100a210                        OPTION_SETTING_BANKSEL_SEC_START = 0x100a210
                0x00000004                        OPTION_SETTING_BANKSEL_SEC_LENGTH = 0x4
                0x0100a240                        OPTION_SETTING_BPS_SEC_START = 0x100a240
                0x00000010                        OPTION_SETTING_BPS_SEC_LENGTH = 0x10
                0x0100a260                        OPTION_SETTING_PBPS_SEC_START = 0x100a260
                0x00000010                        OPTION_SETTING_PBPS_SEC_LENGTH = 0x10
                0x0100a280                        OPTION_SETTING_OFS1_SEL_START = 0x100a280
                0x00000004                        OPTION_SETTING_OFS1_SEL_LENGTH = 0x4
                0x0100a290                        OPTION_SETTING_BANKSEL_SEL_START = 0x100a290
                0x00000004                        OPTION_SETTING_BANKSEL_SEL_LENGTH = 0x4
                0x0100a2c0                        OPTION_SETTING_BPS_SEL_START = 0x100a2c0
                0x00000010                        OPTION_SETTING_BPS_SEL_LENGTH = 0x10
START GROUP
LOAD D:/e2_studio/toolchains/gcc_arm/13.2.rel1/bin/../lib/gcc/arm-none-eabi/13.2.1/thumb/v8-m.main+fp/hard\libgcc.a
LOAD D:/e2_studio/toolchains/gcc_arm/13.2.rel1/bin/../lib/gcc/arm-none-eabi/13.2.1/thumb/v8-m.main+fp/hard\libc.a
LOAD D:/e2_studio/toolchains/gcc_arm/13.2.rel1/bin/../lib/gcc/arm-none-eabi/13.2.1/thumb/v8-m.main+fp/hard\libm.a
END GROUP

.qspi_flash.startof
                0x60000000        0x0
                0x60000000                        __ddsc_QSPI_FLASH_START = .

.ospi0_cs0.startof
                0x68000000        0x0
                0x68000000                        __ddsc_OSPI0_CS0_START = .

__ospi0_cs0_from_qspi_flash$$
                0x68000000        0x0 load address 0x60000000
                0x68000000                        __ospi0_cs0_from_qspi_flash$$Base = .
                0x60000000                        __ospi0_cs0_from_qspi_flash$$Load = LOADADDR (__ospi0_cs0_from_qspi_flash$$)
 *(.ospi0_cs0_from_qspi_flash)
 *(.ospi0_cs0_code_from_qspi_flash)
                0x68000000                        __ospi0_cs0_from_qspi_flash$$Limit = .

.ram.startof    0x20000000        0x0
                0x20000000                        __ddsc_RAM_START = .

__ram_dtc_vector$$
                0x20000000        0x0
                0x20000000                        __ram_dtc_vector$$Base = .
 *(.fsp_dtc_vector_table)
                0x20000000                        __ram_dtc_vector$$Limit = .

__ram_from_qspi_flash$$
                0x20000000        0x0 load address 0x60000000
                0x20000000                        __ram_from_qspi_flash$$Base = .
                0x60000000                        __ram_from_qspi_flash$$Load = LOADADDR (__ram_from_qspi_flash$$)
 *(.ram_from_qspi_flash)
 *(.ram_code_from_qspi_flash)
                0x20000000                        __ram_from_qspi_flash$$Limit = .

__qspi_flash_readonly$$
                0x60000000        0x0
                0x60000000                        __qspi_flash_readonly$$Base = .
 *(.qspi_flash)
 *(.qspi_flash_code)
                0x60000000                        __qspi_flash_readonly$$Limit = .

__qspi_flash_noinit$$
                0x60000000        0x0
                0x60000000                        __qspi_flash_noinit$$Base = .
 *(.qspi_flash_noinit)
                0x60000000                        __qspi_flash_noinit$$Limit = .

.qspi_flash.endof
                0x60000000        0x0
                0x60000000                        __ddsc_QSPI_FLASH_END = .

.ospi0_cs1.startof
                0x70000000        0x0
                0x70000000                        __ddsc_OSPI0_CS1_START = .

__ospi0_cs0_from_ospi0_cs1$$
                0x68000000        0x0 load address 0x70000000
                0x68000000                        __ospi0_cs0_from_ospi0_cs1$$Base = .
                0x70000000                        __ospi0_cs0_from_ospi0_cs1$$Load = LOADADDR (__ospi0_cs0_from_ospi0_cs1$$)
 *(.ospi0_cs0_from_ospi0_cs1)
 *(.ospi0_cs0_code_from_ospi0_cs1)
                0x68000000                        __ospi0_cs0_from_ospi0_cs1$$Limit = .

__ram_from_ospi0_cs1$$
                0x20000000        0x0 load address 0x70000000
                0x20000000                        __ram_from_ospi0_cs1$$Base = .
                0x70000000                        __ram_from_ospi0_cs1$$Load = LOADADDR (__ram_from_ospi0_cs1$$)
 *(.ram_from_ospi0_cs1)
 *(.ram_code_from_ospi0_cs1)
                0x20000000                        __ram_from_ospi0_cs1$$Limit = .

__ospi0_cs1_readonly$$
                0x70000000        0x0
                0x70000000                        __ospi0_cs1_readonly$$Base = .
 *(.ospi0_cs1)
 *(.ospi0_cs1_code)
                0x70000000                        __ospi0_cs1_readonly$$Limit = .

__ospi0_cs1_noinit$$
                0x70000000        0x0
                0x70000000                        __ospi0_cs1_noinit$$Base = .
 *(.ospi0_cs1_noinit)
                0x70000000                        __ospi0_cs1_noinit$$Limit = .

.ospi0_cs1.endof
                0x70000000        0x0
                0x70000000                        __ddsc_OSPI0_CS1_END = .

.data_flash.startof
                0x08000000        0x0
                0x08000000                        __ddsc_DATA_FLASH_START = .

__ospi0_cs0_from_data_flash$$
                0x68000000        0x0 load address 0x08000000
                0x68000000                        __ospi0_cs0_from_data_flash$$Base = .
                0x08000000                        __ospi0_cs0_from_data_flash$$Load = LOADADDR (__ospi0_cs0_from_data_flash$$)
 *(.ospi0_cs0_from_data_flash)
 *(.ospi0_cs0_code_from_data_flash)
                0x68000000                        __ospi0_cs0_from_data_flash$$Limit = .

__ram_from_data_flash$$
                0x20000000        0x0 load address 0x08000000
                0x20000000                        __ram_from_data_flash$$Base = .
                0x08000000                        __ram_from_data_flash$$Load = LOADADDR (__ram_from_data_flash$$)
 *(.ram_from_data_flash)
 *(.ram_code_from_data_flash)
                0x20000000                        __ram_from_data_flash$$Limit = .

__data_flash_readonly$$
                0x08000000        0x0
                0x08000000                        __data_flash_readonly$$Base = .
 *(.data_flash)
 *(.data_flash_code)
                0x08000000                        __data_flash_readonly$$Limit = .

__data_flash_noinit$$
                0x08000000        0x0
                0x08000000                        __data_flash_noinit$$Base = .
 *(.data_flash_noinit)
                0x08000000                        __data_flash_noinit$$Limit = .

.data_flash.endof
                0x08000000        0x0
                0x08000000                        __ddsc_DATA_FLASH_END = .

.flash.startof  0x00000000        0x0
                0x00000000                        __ddsc_FLASH_START = .

__flash_vectors$$
                0x00000000       0x64
                0x00000000                        __flash_vectors$$Base = .
                0x00000000                        _VECTORS = .
 *(.fixed_vectors)
 .fixed_vectors
                0x00000000       0x40 ./ra/fsp/src/bsp/cmsis/Device/RENESAS/Source/startup.o
                0x00000000                __Vectors
 *(.application_vectors)
 .application_vectors
                0x00000040       0x24 ./ra_gen/vector_data.o
                0x00000040                g_vector_table
                0x00000064                        __flash_vectors$$Limit = .

__flash_noinit$$
                0x00000064        0x0
                0x00000064                        __flash_noinit$$Base = .
 *(.flash_noinit)
                0x00000064                        __flash_noinit$$Limit = .

__ospi0_cs0_from_flash$$
                0x68000000        0x0 load address 0x00000064
                0x68000000                        __ospi0_cs0_from_flash$$Base = .
                0x00000064                        __ospi0_cs0_from_flash$$Load = LOADADDR (__ospi0_cs0_from_flash$$)
 *(.ospi0_cs0_from_flash)
 *(.ospi0_cs0_code_from_flash)
                0x68000000                        __ospi0_cs0_from_flash$$Limit = .

__ospi0_cs0_noinit_nocache$$
                0x68000000        0x0 load address 0x00000080
                0x68000000                        __ospi0_cs0_noinit_nocache$$Base = .
 *(.ospi0_cs0_noinit_nocache)
                0x68000000                        __ospi0_cs0_noinit_nocache$$Limit = .

__ospi0_cs0_zero_nocache$$
                0x68000000        0x0 load address 0x00000064
                0x68000000                        __ospi0_cs0_zero_nocache$$Base = .
 *(.ospi0_cs0_nocache)
                0x68000000                        . = ALIGN (0x20)
                0x68000000                        __ospi0_cs0_zero_nocache$$Limit = .

__ospi0_cs0_noinit$$
                0x68000000        0x0 load address 0x00000064
                0x68000000                        __ospi0_cs0_noinit$$Base = .
 *(.ospi0_cs0_noinit)
                0x68000000                        __ospi0_cs0_noinit$$Limit = .

__ospi0_cs0_zero$$
                0x68000000        0x0 load address 0x00000064
                0x68000000                        __ospi0_cs0_zero$$Base = .
 *(.ospi0_cs0)
                0x68000000                        __ospi0_cs0_zero$$Limit = .

.ospi0_cs0.endof
                0x68000000        0x0
                0x68000000                        __ddsc_OSPI0_CS0_END = .

__ram_from_flash$$
                0x20000000        0x4 load address 0x00000064
                0x20000000                        __ram_from_flash$$Base = .
                0x00000064                        __ram_from_flash$$Load = LOADADDR (__ram_from_flash$$)
 *(.ram_from_flash)
 *(.ram_code_from_flash)
 *(.data*)
 .data.g_uart4_baud_setting
                0x20000000        0x4 ./ra_gen/hal_data.o
                0x20000000                g_uart4_baud_setting
 *(vtable)
                0x20000004                        __ram_from_flash$$Limit = .

.tm_clone_table
                0x20000004        0x0 load address 0x00000068
 .tm_clone_table
                0x20000004        0x0 D:/e2_studio/toolchains/gcc_arm/13.2.rel1/bin/../lib/gcc/arm-none-eabi/13.2.1/thumb/v8-m.main+fp/hard/crtbegin.o
 .tm_clone_table
                0x20000004        0x0 D:/e2_studio/toolchains/gcc_arm/13.2.rel1/bin/../lib/gcc/arm-none-eabi/13.2.1/thumb/v8-m.main+fp/hard/crtend.o

.igot.plt       0x20000004        0x0 load address 0x00000068
 .igot.plt      0x20000004        0x0 D:/e2_studio/toolchains/gcc_arm/13.2.rel1/bin/../lib/gcc/arm-none-eabi/13.2.1/thumb/v8-m.main+fp/hard/crtbegin.o

__ram_noinit_nocache$$
                0x20000020        0x0 load address 0x00000080
                0x20000020                        __ram_noinit_nocache$$Base = .
 *(.ram_noinit_nocache)
                0x20000020                        __ram_noinit_nocache$$Limit = .

__ram_zero_nocache$$
                0x20000004       0x1c load address 0x00000068
                0x20000004                        __ram_zero_nocache$$Base = .
 *(.ram_nocache)
                0x20000020                        . = ALIGN (0x20)
 *fill*         0x20000004       0x1c 
                0x20000020                        __ram_zero_nocache$$Limit = .

__ram_noinit$$  0x20000020      0x41c load address 0x00000068
                0x20000020                        __ram_noinit$$Base = .
 *(.bss.g_heap)
 *(.bss.g_main_stack)
 .bss.g_main_stack
                0x20000020      0x400 ./ra/fsp/src/bsp/cmsis/Device/RENESAS/Source/startup.o
                0x20000020                g_main_stack
 *(.ram_noinit)
 .ram_noinit    0x20000420       0x1c ./ra/fsp/src/bsp/mcu/all/bsp_clocks.o
 *(.noinit)
                0x2000043c                        __ram_noinit$$Limit = .

__ram_zero$$    0x2000043c      0x110 load address 0x00000068
                0x2000043c                        __ram_zero$$Base = .
 *(.ram)
 *(.bss*)
 .bss.completed.1
                0x2000043c        0x1 D:/e2_studio/toolchains/gcc_arm/13.2.rel1/bin/../lib/gcc/arm-none-eabi/13.2.1/thumb/v8-m.main+fp/hard/crtbegin.o
 *fill*         0x2000043d        0x3 
 .bss.object.0  0x20000440       0x18 D:/e2_studio/toolchains/gcc_arm/13.2.rel1/bin/../lib/gcc/arm-none-eabi/13.2.1/thumb/v8-m.main+fp/hard/crtbegin.o
 .bss.uart_send_complete_flag
                0x20000458        0x1 ./src/UART/uart.o
                0x20000458                uart_send_complete_flag
 .bss.charSize  0x20000459        0x1 ./src/OLED/OLED.o
 .bss.g_i2c_callback_event
                0x2000045a        0x1 ./src/IIC/IIC.o
                0x2000045a                g_i2c_callback_event
 *fill*         0x2000045b        0x1 
 .bss.g_ioport_ctrl
                0x2000045c        0x8 ./ra_gen/common_data.o
                0x2000045c                g_ioport_ctrl
 .bss.g_uart4_ctrl
                0x20000464       0x30 ./ra_gen/hal_data.o
                0x20000464                g_uart4_ctrl
 .bss.g_i2c2_ctrl
                0x20000494       0x40 ./ra_gen/hal_data.o
                0x20000494                g_i2c2_ctrl
 .bss.g_bsp_group_irq_sources
                0x200004d4       0x40 ./ra/fsp/src/bsp/mcu/all/bsp_group_irq.o
                0x200004d4                g_bsp_group_irq_sources
 .bss.g_protect_pfswe_counter
                0x20000514        0x4 ./ra/fsp/src/bsp/mcu/all/bsp_io.o
                0x20000514                g_protect_pfswe_counter
 .bss.gp_renesas_isr_context
                0x20000518       0x24 ./ra/fsp/src/bsp/mcu/all/bsp_irq.o
                0x20000518                gp_renesas_isr_context
 .bss.g_protect_counters
                0x2000053c        0xa ./ra/fsp/src/bsp/mcu/all/bsp_register_protection.o
                0x2000053c                g_protect_counters
 *fill*         0x20000546        0x2 
 .bss.SystemCoreClock
                0x20000548        0x4 ./ra/fsp/src/bsp/cmsis/Device/RENESAS/Source/system.o
                0x20000548                SystemCoreClock
                0x2000054c                        __ram_zero$$Limit = .

__ram_thread_stack$$
                0x20000550        0x0 load address 0x00000068
                0x20000550                        __ram_thread_stack$$Base = .
 *(.stack?*)
                0x20000550                        __ram_thread_stack$$Limit = .

.ram.endof      0x20000600        0x0
                0x20000600                        __ddsc_RAM_END = .

__flash_readonly$$
                0x00000068     0x28c8
                0x00000068                        __flash_readonly$$Base = .
 *(.flash)
 *(.flash_code)
 *(.text*)
 .text.deregister_tm_clones
                0x00000068       0x1c D:/e2_studio/toolchains/gcc_arm/13.2.rel1/bin/../lib/gcc/arm-none-eabi/13.2.1/thumb/v8-m.main+fp/hard/crtbegin.o
 .text.register_tm_clones
                0x00000084       0x28 D:/e2_studio/toolchains/gcc_arm/13.2.rel1/bin/../lib/gcc/arm-none-eabi/13.2.1/thumb/v8-m.main+fp/hard/crtbegin.o
 .text.__do_global_dtors_aux
                0x000000ac       0x28 D:/e2_studio/toolchains/gcc_arm/13.2.rel1/bin/../lib/gcc/arm-none-eabi/13.2.1/thumb/v8-m.main+fp/hard/crtbegin.o
 .text.frame_dummy
                0x000000d4       0x24 D:/e2_studio/toolchains/gcc_arm/13.2.rel1/bin/../lib/gcc/arm-none-eabi/13.2.1/thumb/v8-m.main+fp/hard/crtbegin.o
 .text.uart_init
                0x000000f8       0x34 ./src/UART/uart.o
                0x000000f8                uart_init
 .text.g_uart4_callback
                0x0000012c       0x14 ./src/UART/uart.o
                0x0000012c                g_uart4_callback
 .text.uart_printf
                0x00000140       0x44 ./src/UART/uart.o
                0x00000140                uart_printf
 .text.OLED_Clear
                0x00000184       0xac ./src/OLED/OLED.o
                0x00000184                OLED_Clear
 .text.OLED_Init
                0x00000230      0x380 ./src/OLED/OLED.o
                0x00000230                OLED_Init
 .text.OLED_ShowChar
                0x000005b0      0x244 ./src/OLED/OLED.o
                0x000005b0                OLED_ShowChar
 .text.OLED_ShowString
                0x000007f4       0x24 ./src/OLED/OLED.o
                0x000007f4                OLED_ShowString
 .text.sci_i2c_master_callback
                0x00000818       0x10 ./src/IIC/IIC.o
                0x00000818                sci_i2c_master_callback
 .text.SCI_IIC2_Init
                0x00000828       0x48 ./src/IIC/IIC.o
                0x00000828                SCI_IIC2_Init
 .text.SCI_IIC2_write_bytes
                0x00000870       0x54 ./src/IIC/IIC.o
                0x00000870                SCI_IIC2_write_bytes
 .text.hal_entry
                0x000008c4       0x54 ./src/hal_entry.o
                0x000008c4                hal_entry
 .text.R_BSP_WarmStart
                0x00000918       0x18 ./src/hal_warmstart.o
                0x00000918                R_BSP_WarmStart
 .text.startup.main
                0x00000930        0xc ./ra_gen/main.o
                0x00000930                main
 .text.R_SCI_UART_Write
                0x0000093c       0x50 ./ra/fsp/src/r_sci_uart/r_sci_uart.o
                0x0000093c                R_SCI_UART_Write
 .text.r_sci_uart_call_callback
                0x0000098c       0x44 ./ra/fsp/src/r_sci_uart/r_sci_uart.o
 .text.R_SCI_UART_Open
                0x000009d0      0x3b4 ./ra/fsp/src/r_sci_uart/r_sci_uart.o
                0x000009d0                R_SCI_UART_Open
 .text.sci_uart_txi_isr
                0x00000d84       0x8c ./ra/fsp/src/r_sci_uart/r_sci_uart.o
                0x00000d84                sci_uart_txi_isr
 .text.sci_uart_rxi_isr
                0x00000e10       0x90 ./ra/fsp/src/r_sci_uart/r_sci_uart.o
                0x00000e10                sci_uart_rxi_isr
 .text.sci_uart_tei_isr
                0x00000ea0       0x48 ./ra/fsp/src/r_sci_uart/r_sci_uart.o
                0x00000ea0                sci_uart_tei_isr
 .text.sci_uart_eri_isr
                0x00000ee8       0x78 ./ra/fsp/src/r_sci_uart/r_sci_uart.o
                0x00000ee8                sci_uart_eri_isr
 .text.R_SCI_I2C_SlaveAddressSet
                0x00000f60        0xc ./ra/fsp/src/r_sci_i2c/r_sci_i2c.o
                0x00000f60                R_SCI_I2C_SlaveAddressSet
 .text.R_SCI_I2C_Write
                0x00000f6c       0x9c ./ra/fsp/src/r_sci_i2c/r_sci_i2c.o
                0x00000f6c                R_SCI_I2C_Write
 .text.R_SCI_I2C_Open
                0x00001008      0x174 ./ra/fsp/src/r_sci_i2c/r_sci_i2c.o
                0x00001008                R_SCI_I2C_Open
 .text.sci_i2c_notify
                0x0000117c       0x38 ./ra/fsp/src/r_sci_i2c/r_sci_i2c.o
                0x0000117c                sci_i2c_notify
 .text.sci_i2c_txi_isr
                0x000011b4      0x14c ./ra/fsp/src/r_sci_i2c/r_sci_i2c.o
                0x000011b4                sci_i2c_txi_isr
 .text.sci_i2c_tei_isr
                0x00001300       0xe0 ./ra/fsp/src/r_sci_i2c/r_sci_i2c.o
                0x00001300                sci_i2c_tei_isr
 .text.bsp_vbatt_init
                0x000013e0       0xe8 ./ra/fsp/src/r_ioport/r_ioport.o
 .text.r_ioport_pins_config
                0x000014c8       0xac ./ra/fsp/src/r_ioport/r_ioport.o
 .text.R_IOPORT_Open
                0x00001574       0x14 ./ra/fsp/src/r_ioport/r_ioport.o
                0x00001574                R_IOPORT_Open
 .text.r_gpt_call_callback
                0x00001588       0x3c ./ra/fsp/src/r_gpt/r_gpt.o
 .text.r_gpt_ccmp_common_isr
                0x000015c4       0xd4 ./ra/fsp/src/r_gpt/r_gpt.o
 .text.gpt_counter_overflow_isr
                0x00001698      0x204 ./ra/fsp/src/r_gpt/r_gpt.o
                0x00001698                gpt_counter_overflow_isr
 .text.gpt_capture_compare_a_isr
                0x0000189c        0x8 ./ra/fsp/src/r_gpt/r_gpt.o
                0x0000189c                gpt_capture_compare_a_isr
 .text.gpt_capture_compare_b_isr
                0x000018a4        0x8 ./ra/fsp/src/r_gpt/r_gpt.o
                0x000018a4                gpt_capture_compare_b_isr
 .text.SystemCoreClockUpdate
                0x000018ac       0x28 ./ra/fsp/src/bsp/mcu/all/bsp_clocks.o
                0x000018ac                SystemCoreClockUpdate
 .text.R_BSP_SubClockStabilizeWaitAfterReset
                0x000018d4        0x4 ./ra/fsp/src/bsp/mcu/all/bsp_clocks.o
                0x000018d4                R_BSP_SubClockStabilizeWaitAfterReset
 .text.bsp_clock_init
                0x000018d8      0x14c ./ra/fsp/src/bsp/mcu/all/bsp_clocks.o
                0x000018d8                bsp_clock_init
 .text.R_BSP_Init_RTC
                0x00001a24       0xb0 ./ra/fsp/src/bsp/mcu/all/bsp_clocks.o
                0x00001a24                R_BSP_Init_RTC
 .text.bsp_init_internal
                0x00001ad4        0x4 ./ra/fsp/src/bsp/mcu/all/bsp_common.o
                0x00001ad4                bsp_init_internal
                0x00001ad4                bsp_init
 .text.__assert_func
                0x00001ad8        0x4 ./ra/fsp/src/bsp/mcu/all/bsp_common.o
                0x00001ad8                __assert_func
 .text.bsp_prv_software_delay_loop
                0x00001adc        0xc ./ra/fsp/src/bsp/mcu/all/bsp_delay.o
                0x00001adc                bsp_prv_software_delay_loop
 .text.R_BSP_SoftwareDelay
                0x00001ae8       0x8c ./ra/fsp/src/bsp/mcu/all/bsp_delay.o
                0x00001ae8                R_BSP_SoftwareDelay
 .text.NMI_Handler
                0x00001b74       0x3c ./ra/fsp/src/bsp/mcu/all/bsp_group_irq.o
                0x00001b74                NMI_Handler
 .text.bsp_irq_cfg
                0x00001bb0       0x94 ./ra/fsp/src/bsp/mcu/all/bsp_irq.o
                0x00001bb0                bsp_irq_cfg
 .text.R_BSP_RegisterProtectEnable
                0x00001c44       0x60 ./ra/fsp/src/bsp/mcu/all/bsp_register_protection.o
                0x00001c44                R_BSP_RegisterProtectEnable
 .text.R_BSP_RegisterProtectDisable
                0x00001ca4       0x54 ./ra/fsp/src/bsp/mcu/all/bsp_register_protection.o
                0x00001ca4                R_BSP_RegisterProtectDisable
 .text.Default_Handler
                0x00001cf8        0x4 ./ra/fsp/src/bsp/cmsis/Device/RENESAS/Source/startup.o
                0x00001cf8                DebugMon_Handler
                0x00001cf8                HardFault_Handler
                0x00001cf8                SysTick_Handler
                0x00001cf8                PendSV_Handler
                0x00001cf8                UsageFault_Handler
                0x00001cf8                SecureFault_Handler
                0x00001cf8                Default_Handler
                0x00001cf8                MemManage_Handler
                0x00001cf8                SVC_Handler
                0x00001cf8                BusFault_Handler
 .text.Reset_Handler
                0x00001cfc        0xc ./ra/fsp/src/bsp/cmsis/Device/RENESAS/Source/startup.o
                0x00001cfc                Reset_Handler
 .text.SystemRuntimeInit
                0x00001d08       0x64 ./ra/fsp/src/bsp/cmsis/Device/RENESAS/Source/system.o
 .text.SystemInit
                0x00001d6c       0xc0 ./ra/fsp/src/bsp/cmsis/Device/RENESAS/Source/system.o
                0x00001d6c                SystemInit
 .text.memset   0x00001e2c       0x10 D:/e2_studio/toolchains/gcc_arm/13.2.rel1/bin/../lib/gcc/arm-none-eabi/13.2.1/thumb/v8-m.main+fp/hard\libg_nano.a(libc_a-memset.o)
                0x00001e2c                memset
 .text.memcpy   0x00001e3c       0x1a D:/e2_studio/toolchains/gcc_arm/13.2.rel1/bin/../lib/gcc/arm-none-eabi/13.2.1/thumb/v8-m.main+fp/hard\libg_nano.a(libc_a-memcpy-stub.o)
                0x00001e3c                memcpy
 *(.rodata*)
 *fill*         0x00001e56        0x2 
 .rodata.uart_init.str1.4
                0x00001e58       0x75 ./src/UART/uart.o
                                 0x27 (size before relaxing)
 *fill*         0x00001ecd        0x3 
 .rodata.__func__.0
                0x00001ed0        0xa ./src/UART/uart.o
 .rodata.OLED_SetCursor.str1.4
                0x00001eda       0x27 ./src/OLED/OLED.o
 *fill*         0x00001eda        0x2 
 .rodata.__func__.0
                0x00001edc       0x13 ./src/OLED/OLED.o
 *fill*         0x00001eef        0x1 
 .rodata.F8X16  0x00001ef0      0x5f0 ./src/OLED/OLED.o
                0x00001ef0                F8X16
 .rodata.F6x8   0x000024e0      0x228 ./src/OLED/OLED.o
                0x000024e0                F6x8
 .rodata.SCI_IIC2_Init.str1.4
                0x00002708       0x25 ./src/IIC/IIC.o
 .rodata.SCI_IIC2_read_bytes.str1.4
                0x00002708       0x13 ./src/IIC/IIC.o
 .rodata.__func__.2
                0x00002708       0x15 ./src/IIC/IIC.o
 *fill*         0x0000271d        0x3 
 .rodata.__func__.4
                0x00002720        0xe ./src/IIC/IIC.o
 .rodata.hal_entry.str1.4
                0x0000272e       0x11 ./src/hal_entry.o
 *fill*         0x0000272e        0x2 
 .rodata.g_uart4_cfg
                0x00002730       0x20 ./ra_gen/hal_data.o
                0x00002730                g_uart4_cfg
 .rodata.g_uart4_cfg_extend
                0x00002750       0x14 ./ra_gen/hal_data.o
                0x00002750                g_uart4_cfg_extend
 .rodata.g_i2c2_cfg
                0x00002764       0x28 ./ra_gen/hal_data.o
                0x00002764                g_i2c2_cfg
 .rodata.g_i2c2_cfg_extend
                0x0000278c        0x6 ./ra_gen/hal_data.o
                0x0000278c                g_i2c2_cfg_extend
 *fill*         0x00002792        0x2 
 .rodata.g_bsp_pin_cfg
                0x00002794        0xc ./ra_gen/pin_data.o
                0x00002794                g_bsp_pin_cfg
 .rodata.g_bsp_pin_cfg_data
                0x000027a0       0x40 ./ra_gen/pin_data.o
                0x000027a0                g_bsp_pin_cfg_data
 .rodata.g_interrupt_event_link_select
                0x000027e0       0x12 ./ra_gen/vector_data.o
                0x000027e0                g_interrupt_event_link_select
 *fill*         0x000027f2        0x2 
 .rodata.g_vbatt_pins_input
                0x000027f4        0x6 ./ra/fsp/src/r_ioport/r_ioport.o
 *fill*         0x000027fa        0x2 
 .rodata.g_init_info
                0x000027fc       0x18 ./ra/fsp/src/bsp/mcu/ra6m5/bsp_linker.o
                0x000027fc                g_init_info
 .rodata.nocache_list
                0x00002814       0x10 ./ra/fsp/src/bsp/mcu/ra6m5/bsp_linker.o
 .rodata.copy_list
                0x00002824       0x80 ./ra/fsp/src/bsp/mcu/ra6m5/bsp_linker.o
 .rodata.zero_list
                0x000028a4       0x30 ./ra/fsp/src/bsp/mcu/ra6m5/bsp_linker.o
 .rodata.g_prcr_masks
                0x000028d4        0xa ./ra/fsp/src/bsp/mcu/all/bsp_register_protection.o
 *(.mcuboot_sce9_key)
 *(.version)
 *fill*         0x000028de        0x2 
 .version       0x000028e0       0x50 ./ra/fsp/src/bsp/mcu/all/bsp_common.o
                0x00002930                        __flash_readonly$$Limit = .

.glue_7         0x00002930        0x0
 .glue_7        0x00002930        0x0 linker stubs

.glue_7t        0x00002930        0x0
 .glue_7t       0x00002930        0x0 linker stubs

.vfp11_veneer   0x00002930        0x0
 .vfp11_veneer  0x00002930        0x0 linker stubs

.v4_bx          0x00002930        0x0
 .v4_bx         0x00002930        0x0 linker stubs

.init           0x00002930        0x4
 .init          0x00002930        0x4 D:/e2_studio/toolchains/gcc_arm/13.2.rel1/bin/../lib/gcc/arm-none-eabi/13.2.1/thumb/v8-m.main+fp/hard/crti.o
                0x00002930                _init

.fini           0x00002934        0x4
 .fini          0x00002934        0x4 D:/e2_studio/toolchains/gcc_arm/13.2.rel1/bin/../lib/gcc/arm-none-eabi/13.2.1/thumb/v8-m.main+fp/hard/crti.o
                0x00002934                _fini

.iplt           0x00002938        0x0
 .iplt          0x00002938        0x0 D:/e2_studio/toolchains/gcc_arm/13.2.rel1/bin/../lib/gcc/arm-none-eabi/13.2.1/thumb/v8-m.main+fp/hard/crtbegin.o

__flash_ctor$$
 *crtbegin.o(.ctors)
 *crtbegin?.o(.ctors)
 EXCLUDE_FILE(*crtend.o *crtend?.o) *(.ctors)
 *(SORT_BY_NAME(.ctors.*))
 *(.ctors)
 *crtbegin.o(.dtors)
 *crtbegin?.o(.dtors)
 EXCLUDE_FILE(*crtend.o *crtend?.o) *(.dtors)
 *(SORT_BY_NAME(.dtors.*))
 *(.dtors)

__flash_preinit_array$$
                0x00002938        0x0
                0x00002938                        __preinit_array_start = .
 *(.preinit_array)
                0x00002938                        __preinit_array_end = .

__flash_.got$$
 *(.got.plt)
 *(.got)

__flash_init_array$$
                0x00002938        0x4
                0x00002938                        __init_array_start = .
 *(SORT_BY_NAME(.init_array.*))
 *(.init_array)
 .init_array    0x00002938        0x4 D:/e2_studio/toolchains/gcc_arm/13.2.rel1/bin/../lib/gcc/arm-none-eabi/13.2.1/thumb/v8-m.main+fp/hard/crtbegin.o
                0x0000293c                        __init_array_end = .

__flash_fini_array$$
                0x0000293c        0x4
                0x0000293c                        __fini_array_start = .
 *(SORT_BY_NAME(.fini_array.*))
 *(.fini_array)
 .fini_array    0x0000293c        0x4 D:/e2_studio/toolchains/gcc_arm/13.2.rel1/bin/../lib/gcc/arm-none-eabi/13.2.1/thumb/v8-m.main+fp/hard/crtbegin.o
                0x00002940                        __fini_array_end = .

__flash_arm.extab$$
 *(.ARM.extab*)
 *(.gnu.linkonce.armextab.*)

__flash_arm.exidx$$
                0x00002940        0x0
                0x00002940                        __exidx_start = .
 *(.ARM.exidx*)
 *(.gnu.linkonce.armexidx.*)
                0x00002940                        __exidx_end = .

.flash.endof    0x00002a00        0x0
                0x00002a00                        __ddsc_FLASH_END = .

.option_setting_ofs0.startof
                0x0100a100        0x0
                0x0100a100                        __ddsc_OPTION_SETTING_OFS0_START = .

__option_setting_ofs0_reg$$
                0x0100a100        0x4
                0x0100a100                        __option_setting_ofs0_reg$$Base = .
 *(.option_setting_ofs0)
 .option_setting_ofs0
                0x0100a100        0x4 ./ra/fsp/src/bsp/mcu/ra6m5/bsp_linker.o
                0x0100a104                        __option_setting_ofs0_reg$$Limit = .

.option_setting_ofs0.endof
                0x0100a104        0x0
                0x0100a104                        __ddsc_OPTION_SETTING_OFS0_END = .

.option_setting_dualsel.startof
                0x0100a110        0x0
                0x0100a110                        __ddsc_OPTION_SETTING_DUALSEL_START = .

__option_setting_dualsel_reg$$
                0x0100a110        0x0
                0x0100a110                        __option_setting_dualsel_reg$$Base = .
 *(.option_setting_dualsel)
                0x0100a110                        __option_setting_dualsel_reg$$Limit = .

.option_setting_dualsel.endof
                0x0100a110        0x0
                0x0100a110                        __ddsc_OPTION_SETTING_DUALSEL_END = .

.option_setting_ofs1.startof
                0x0100a180        0x0
                0x0100a180                        __ddsc_OPTION_SETTING_OFS1_START = .

__option_setting_ofs1_reg$$
                0x0100a180        0x0
                0x0100a180                        __option_setting_ofs1_reg$$Base = .
 *(.option_setting_ofs1)
                0x0100a180                        __option_setting_ofs1_reg$$Limit = .

.option_setting_ofs1.endof
                0x0100a180        0x0
                0x0100a180                        __ddsc_OPTION_SETTING_OFS1_END = .

.option_setting_banksel.startof
                0x0100a190        0x0
                0x0100a190                        __ddsc_OPTION_SETTING_BANKSEL_START = .

__option_setting_banksel_reg$$
                0x0100a190        0x0
                0x0100a190                        __option_setting_banksel_reg$$Base = .
 *(.option_setting_banksel)
                0x0100a190                        __option_setting_banksel_reg$$Limit = .

.option_setting_banksel.endof
                0x0100a190        0x0
                0x0100a190                        __ddsc_OPTION_SETTING_BANKSEL_END = .

.option_setting_bps.startof
                0x0100a1c0        0x0
                0x0100a1c0                        __ddsc_OPTION_SETTING_BPS_START = .

__option_setting_bps_reg$$
                0x0100a1c0        0x0
                0x0100a1c0                        __option_setting_bps_reg$$Base = .
 *(.option_setting_bps)
                0x0100a1c0                        __option_setting_bps_reg$$Limit = .

.option_setting_bps.endof
                0x0100a1c0        0x0
                0x0100a1c0                        __ddsc_OPTION_SETTING_BPS_END = .

.option_setting_pbps.startof
                0x0100a1e0        0x0
                0x0100a1e0                        __ddsc_OPTION_SETTING_PBPS_START = .

__option_setting_pbps_reg$$
                0x0100a1e0        0x0
                0x0100a1e0                        __option_setting_pbps_reg$$Base = .
 *(.option_setting_pbps)
                0x0100a1e0                        __option_setting_pbps_reg$$Limit = .

.option_setting_pbps.endof
                0x0100a1e0        0x0
                0x0100a1e0                        __ddsc_OPTION_SETTING_PBPS_END = .

.option_setting_ofs1_sec.startof
                0x0100a200        0x0
                0x0100a200                        __ddsc_OPTION_SETTING_OFS1_SEC_START = .

__option_setting_ofs1_sec_reg$$
                0x0100a200        0x4
                0x0100a200                        __option_setting_ofs1_sec_reg$$Base = .
 *(.option_setting_ofs1_sec)
 .option_setting_ofs1_sec
                0x0100a200        0x4 ./ra/fsp/src/bsp/mcu/ra6m5/bsp_linker.o
                0x0100a204                        __option_setting_ofs1_sec_reg$$Limit = .

.option_setting_ofs1_sec.endof
                0x0100a204        0x0
                0x0100a204                        __ddsc_OPTION_SETTING_OFS1_SEC_END = .

.option_setting_banksel_sec.startof
                0x0100a210        0x0
                0x0100a210                        __ddsc_OPTION_SETTING_BANKSEL_SEC_START = .

__option_setting_banksel_sec_reg$$
                0x0100a210        0x0
                0x0100a210                        __option_setting_banksel_sec_reg$$Base = .
 *(.option_setting_banksel_sec)
                0x0100a210                        __option_setting_banksel_sec_reg$$Limit = .

.option_setting_banksel_sec.endof
                0x0100a210        0x0
                0x0100a210                        __ddsc_OPTION_SETTING_BANKSEL_SEC_END = .

.option_setting_bps_sec.startof
                0x0100a240        0x0
                0x0100a240                        __ddsc_OPTION_SETTING_BPS_SEC_START = .

__option_setting_bps_sec_reg$$
                0x0100a240        0x0
                0x0100a240                        __option_setting_bps_sec_reg$$Base = .
 *(.option_setting_bps_sec)
                0x0100a240                        __option_setting_bps_sec_reg$$Limit = .

.option_setting_bps_sec.endof
                0x0100a240        0x0
                0x0100a240                        __ddsc_OPTION_SETTING_BPS_SEC_END = .

.option_setting_pbps_sec.startof
                0x0100a260        0x0
                0x0100a260                        __ddsc_OPTION_SETTING_PBPS_SEC_START = .

__option_setting_pbps_sec_reg$$
                0x0100a260        0x0
                0x0100a260                        __option_setting_pbps_sec_reg$$Base = .
 *(.option_setting_pbps_sec)
                0x0100a260                        __option_setting_pbps_sec_reg$$Limit = .

.option_setting_pbps_sec.endof
                0x0100a260        0x0
                0x0100a260                        __ddsc_OPTION_SETTING_PBPS_SEC_END = .

.option_setting_ofs1_sel.startof
                0x0100a280        0x0
                0x0100a280                        __ddsc_OPTION_SETTING_OFS1_SEL_START = .

__option_setting_ofs1_sel_reg$$
                0x0100a280        0x4
                0x0100a280                        __option_setting_ofs1_sel_reg$$Base = .
 *(.option_setting_ofs1_sel)
 .option_setting_ofs1_sel
                0x0100a280        0x4 ./ra/fsp/src/bsp/mcu/ra6m5/bsp_linker.o
                0x0100a284                        __option_setting_ofs1_sel_reg$$Limit = .

.eh_frame       0x0100a284        0x0
 .eh_frame      0x0100a284        0x0 D:/e2_studio/toolchains/gcc_arm/13.2.rel1/bin/../lib/gcc/arm-none-eabi/13.2.1/thumb/v8-m.main+fp/hard/crtbegin.o

.rel.dyn        0x0100a284        0x0
 .rel.iplt      0x0100a284        0x0 D:/e2_studio/toolchains/gcc_arm/13.2.rel1/bin/../lib/gcc/arm-none-eabi/13.2.1/thumb/v8-m.main+fp/hard/crtbegin.o

.option_setting_ofs1_sel.endof
                0x0100a284        0x0
                0x0100a284                        __ddsc_OPTION_SETTING_OFS1_SEL_END = .

.option_setting_banksel_sel.startof
                0x0100a290        0x0
                0x0100a290                        __ddsc_OPTION_SETTING_BANKSEL_SEL_START = .

__option_setting_banksel_sel_reg$$
                0x0100a290        0x0
                0x0100a290                        __option_setting_banksel_sel_reg$$Base = .
 *(.option_setting_banksel_sel)
                0x0100a290                        __option_setting_banksel_sel_reg$$Limit = .

.option_setting_banksel_sel.endof
                0x0100a290        0x0
                0x0100a290                        __ddsc_OPTION_SETTING_BANKSEL_SEL_END = .

.option_setting_bps_sel.startof
                0x0100a2c0        0x0
                0x0100a2c0                        __ddsc_OPTION_SETTING_BPS_SEL_START = .

__option_setting_bps_sel_reg$$
                0x0100a2c0        0x0
                0x0100a2c0                        __option_setting_bps_sel_reg$$Base = .
 *(.option_setting_bps_sel)
                0x0100a2c0                        __option_setting_bps_sel_reg$$Limit = .

.option_setting_bps_sel.endof
                0x0100a2c0        0x0
                0x0100a2c0                        __ddsc_OPTION_SETTING_BPS_SEL_END = .
OUTPUT(IIC_templates.elf elf32-littlearm)
LOAD linker stubs

.ARM.attributes
                0x00000000       0x36
 .ARM.attributes
                0x00000000       0x26 D:/e2_studio/toolchains/gcc_arm/13.2.rel1/bin/../lib/gcc/arm-none-eabi/13.2.1/thumb/v8-m.main+fp/hard/crti.o
 .ARM.attributes
                0x00000026       0x38 D:/e2_studio/toolchains/gcc_arm/13.2.rel1/bin/../lib/gcc/arm-none-eabi/13.2.1/thumb/v8-m.main+fp/hard/crtbegin.o
 .ARM.attributes
                0x0000005e       0x3a ./src/UART/uart.o
 .ARM.attributes
                0x00000098       0x3a ./src/OLED/OLED.o
 .ARM.attributes
                0x000000d2       0x3a ./src/IIC/IIC.o
 .ARM.attributes
                0x0000010c       0x3a ./src/hal_entry.o
 .ARM.attributes
                0x00000146       0x3a ./src/hal_warmstart.o
 .ARM.attributes
                0x00000180       0x3a ./ra_gen/common_data.o
 .ARM.attributes
                0x000001ba       0x3a ./ra_gen/hal_data.o
 .ARM.attributes
                0x000001f4       0x3a ./ra_gen/main.o
 .ARM.attributes
                0x0000022e       0x3a ./ra_gen/pin_data.o
 .ARM.attributes
                0x00000268       0x3a ./ra_gen/vector_data.o
 .ARM.attributes
                0x000002a2       0x3a ./ra/fsp/src/r_sci_uart/r_sci_uart.o
 .ARM.attributes
                0x000002dc       0x3a ./ra/fsp/src/r_sci_i2c/r_sci_i2c.o
 .ARM.attributes
                0x00000316       0x3a ./ra/fsp/src/r_ioport/r_ioport.o
 .ARM.attributes
                0x00000350       0x3a ./ra/fsp/src/r_gpt/r_gpt.o
 .ARM.attributes
                0x0000038a       0x3a ./ra/fsp/src/bsp/mcu/ra6m5/bsp_linker.o
 .ARM.attributes
                0x000003c4       0x3a ./ra/fsp/src/bsp/mcu/all/bsp_clocks.o
 .ARM.attributes
                0x000003fe       0x3a ./ra/fsp/src/bsp/mcu/all/bsp_common.o
 .ARM.attributes
                0x00000438       0x3a ./ra/fsp/src/bsp/mcu/all/bsp_delay.o
 .ARM.attributes
                0x00000472       0x3a ./ra/fsp/src/bsp/mcu/all/bsp_group_irq.o
 .ARM.attributes
                0x000004ac       0x3a ./ra/fsp/src/bsp/mcu/all/bsp_io.o
 .ARM.attributes
                0x000004e6       0x3a ./ra/fsp/src/bsp/mcu/all/bsp_irq.o
 .ARM.attributes
                0x00000520       0x3a ./ra/fsp/src/bsp/mcu/all/bsp_register_protection.o
 .ARM.attributes
                0x0000055a       0x3a ./ra/fsp/src/bsp/cmsis/Device/RENESAS/Source/startup.o
 .ARM.attributes
                0x00000594       0x3a ./ra/fsp/src/bsp/cmsis/Device/RENESAS/Source/system.o
 .ARM.attributes
                0x000005ce       0x38 D:/e2_studio/toolchains/gcc_arm/13.2.rel1/bin/../lib/gcc/arm-none-eabi/13.2.1/thumb/v8-m.main+fp/hard\libg_nano.a(libc_a-memset.o)
 .ARM.attributes
                0x00000606       0x38 D:/e2_studio/toolchains/gcc_arm/13.2.rel1/bin/../lib/gcc/arm-none-eabi/13.2.1/thumb/v8-m.main+fp/hard\libg_nano.a(libc_a-memcpy-stub.o)
 .ARM.attributes
                0x0000063e       0x38 D:/e2_studio/toolchains/gcc_arm/13.2.rel1/bin/../lib/gcc/arm-none-eabi/13.2.1/thumb/v8-m.main+fp/hard/crtend.o

.comment        0x00000000       0x44
 .comment       0x00000000       0x44 ./src/UART/uart.o
                                 0x45 (size before relaxing)
 .comment       0x00000044       0x45 ./src/OLED/OLED.o
 .comment       0x00000044       0x45 ./src/IIC/IIC.o
 .comment       0x00000044       0x45 ./src/hal_entry.o
 .comment       0x00000044       0x45 ./src/hal_warmstart.o
 .comment       0x00000044       0x45 ./ra_gen/common_data.o
 .comment       0x00000044       0x45 ./ra_gen/hal_data.o
 .comment       0x00000044       0x45 ./ra_gen/main.o
 .comment       0x00000044       0x45 ./ra_gen/pin_data.o
 .comment       0x00000044       0x45 ./ra_gen/vector_data.o
 .comment       0x00000044       0x45 ./ra/fsp/src/r_sci_uart/r_sci_uart.o
 .comment       0x00000044       0x45 ./ra/fsp/src/r_sci_i2c/r_sci_i2c.o
 .comment       0x00000044       0x45 ./ra/fsp/src/r_ioport/r_ioport.o
 .comment       0x00000044       0x45 ./ra/fsp/src/r_gpt/r_gpt.o
 .comment       0x00000044       0x45 ./ra/fsp/src/bsp/mcu/ra6m5/bsp_linker.o
 .comment       0x00000044       0x45 ./ra/fsp/src/bsp/mcu/all/bsp_clocks.o
 .comment       0x00000044       0x45 ./ra/fsp/src/bsp/mcu/all/bsp_common.o
 .comment       0x00000044       0x45 ./ra/fsp/src/bsp/mcu/all/bsp_delay.o
 .comment       0x00000044       0x45 ./ra/fsp/src/bsp/mcu/all/bsp_group_irq.o
 .comment       0x00000044       0x45 ./ra/fsp/src/bsp/mcu/all/bsp_io.o
 .comment       0x00000044       0x45 ./ra/fsp/src/bsp/mcu/all/bsp_irq.o
 .comment       0x00000044       0x45 ./ra/fsp/src/bsp/mcu/all/bsp_register_protection.o
 .comment       0x00000044       0x45 ./ra/fsp/src/bsp/cmsis/Device/RENESAS/Source/startup.o
 .comment       0x00000044       0x45 ./ra/fsp/src/bsp/cmsis/Device/RENESAS/Source/system.o

.debug_info     0x00000000    0x4bc43
 .debug_info    0x00000000     0x3221 ./src/UART/uart.o
 .debug_info    0x00003221     0x4b39 ./src/OLED/OLED.o
 .debug_info    0x00007d5a     0x311a ./src/IIC/IIC.o
 .debug_info    0x0000ae74      0x27c ./src/hal_entry.o
 .debug_info    0x0000b0f0      0xff6 ./src/hal_warmstart.o
 .debug_info    0x0000c0e6     0x1253 ./ra_gen/common_data.o
 .debug_info    0x0000d339     0xb239 ./ra_gen/hal_data.o
 .debug_info    0x00018572       0xb1 ./ra_gen/main.o
 .debug_info    0x00018623      0xa31 ./ra_gen/pin_data.o
 .debug_info    0x00019054      0x8d8 ./ra_gen/vector_data.o
 .debug_info    0x0001992c     0xa17b ./ra/fsp/src/r_sci_uart/r_sci_uart.o
 .debug_info    0x00023aa7     0x5458 ./ra/fsp/src/r_sci_i2c/r_sci_i2c.o
 .debug_info    0x00028eff     0x7704 ./ra/fsp/src/r_ioport/r_ioport.o
 .debug_info    0x00030603     0xc044 ./ra/fsp/src/r_gpt/r_gpt.o
 .debug_info    0x0003c647      0x4e6 ./ra/fsp/src/bsp/mcu/ra6m5/bsp_linker.o
 .debug_info    0x0003cb2d     0x64de ./ra/fsp/src/bsp/mcu/all/bsp_clocks.o
 .debug_info    0x0004300b      0x966 ./ra/fsp/src/bsp/mcu/all/bsp_common.o
 .debug_info    0x00043971      0x204 ./ra/fsp/src/bsp/mcu/all/bsp_delay.o
 .debug_info    0x00043b75     0x135a ./ra/fsp/src/bsp/mcu/all/bsp_group_irq.o
 .debug_info    0x00044ecf       0xb2 ./ra/fsp/src/bsp/mcu/all/bsp_io.o
 .debug_info    0x00044f81     0x2019 ./ra/fsp/src/bsp/mcu/all/bsp_irq.o
 .debug_info    0x00046f9a     0x3912 ./ra/fsp/src/bsp/mcu/all/bsp_register_protection.o
 .debug_info    0x0004a8ac      0x188 ./ra/fsp/src/bsp/cmsis/Device/RENESAS/Source/startup.o
 .debug_info    0x0004aa34     0x120f ./ra/fsp/src/bsp/cmsis/Device/RENESAS/Source/system.o

.debug_abbrev   0x00000000     0x3e79
 .debug_abbrev  0x00000000      0x323 ./src/UART/uart.o
 .debug_abbrev  0x00000323      0x486 ./src/OLED/OLED.o
 .debug_abbrev  0x000007a9      0x36a ./src/IIC/IIC.o
 .debug_abbrev  0x00000b13       0xe8 ./src/hal_entry.o
 .debug_abbrev  0x00000bfb      0x158 ./src/hal_warmstart.o
 .debug_abbrev  0x00000d53      0x13a ./ra_gen/common_data.o
 .debug_abbrev  0x00000e8d      0x318 ./ra_gen/hal_data.o
 .debug_abbrev  0x000011a5       0x61 ./ra_gen/main.o
 .debug_abbrev  0x00001206       0xff ./ra_gen/pin_data.o
 .debug_abbrev  0x00001305       0xbe ./ra_gen/vector_data.o
 .debug_abbrev  0x000013c3      0x622 ./ra/fsp/src/r_sci_uart/r_sci_uart.o
 .debug_abbrev  0x000019e5      0x599 ./ra/fsp/src/r_sci_i2c/r_sci_i2c.o
 .debug_abbrev  0x00001f7e      0x49c ./ra/fsp/src/r_ioport/r_ioport.o
 .debug_abbrev  0x0000241a      0x68b ./ra/fsp/src/r_gpt/r_gpt.o
 .debug_abbrev  0x00002aa5       0xe3 ./ra/fsp/src/bsp/mcu/ra6m5/bsp_linker.o
 .debug_abbrev  0x00002b88      0x433 ./ra/fsp/src/bsp/mcu/all/bsp_clocks.o
 .debug_abbrev  0x00002fbb      0x188 ./ra/fsp/src/bsp/mcu/all/bsp_common.o
 .debug_abbrev  0x00003143      0x10d ./ra/fsp/src/bsp/mcu/all/bsp_delay.o
 .debug_abbrev  0x00003250      0x256 ./ra/fsp/src/bsp/mcu/all/bsp_group_irq.o
 .debug_abbrev  0x000034a6       0x5e ./ra/fsp/src/bsp/mcu/all/bsp_io.o
 .debug_abbrev  0x00003504      0x287 ./ra/fsp/src/bsp/mcu/all/bsp_irq.o
 .debug_abbrev  0x0000378b      0x27d ./ra/fsp/src/bsp/mcu/all/bsp_register_protection.o
 .debug_abbrev  0x00003a08       0xf9 ./ra/fsp/src/bsp/cmsis/Device/RENESAS/Source/startup.o
 .debug_abbrev  0x00003b01      0x378 ./ra/fsp/src/bsp/cmsis/Device/RENESAS/Source/system.o

.debug_loclists
                0x00000000     0x50db
 .debug_loclists
                0x00000000       0xaa ./src/UART/uart.o
 .debug_loclists
                0x000000aa      0xc6c ./src/OLED/OLED.o
 .debug_loclists
                0x00000d16      0x305 ./src/IIC/IIC.o
 .debug_loclists
                0x0000101b       0x29 ./src/hal_warmstart.o
 .debug_loclists
                0x00001044      0xe41 ./ra/fsp/src/r_sci_uart/r_sci_uart.o
 .debug_loclists
                0x00001e85      0xa17 ./ra/fsp/src/r_sci_i2c/r_sci_i2c.o
 .debug_loclists
                0x0000289c      0x7c8 ./ra/fsp/src/r_ioport/r_ioport.o
 .debug_loclists
                0x00003064     0x1876 ./ra/fsp/src/r_gpt/r_gpt.o
 .debug_loclists
                0x000048da      0x3f8 ./ra/fsp/src/bsp/mcu/all/bsp_clocks.o
 .debug_loclists
                0x00004cd2       0x20 ./ra/fsp/src/bsp/mcu/all/bsp_common.o
 .debug_loclists
                0x00004cf2      0x199 ./ra/fsp/src/bsp/mcu/all/bsp_delay.o
 .debug_loclists
                0x00004e8b       0x73 ./ra/fsp/src/bsp/mcu/all/bsp_group_irq.o
 .debug_loclists
                0x00004efe       0x99 ./ra/fsp/src/bsp/mcu/all/bsp_irq.o
 .debug_loclists
                0x00004f97       0xa7 ./ra/fsp/src/bsp/mcu/all/bsp_register_protection.o
 .debug_loclists
                0x0000503e       0x9d ./ra/fsp/src/bsp/cmsis/Device/RENESAS/Source/system.o

.debug_aranges  0x00000000      0x610
 .debug_aranges
                0x00000000       0x30 ./src/UART/uart.o
 .debug_aranges
                0x00000030       0x68 ./src/OLED/OLED.o
 .debug_aranges
                0x00000098       0x48 ./src/IIC/IIC.o
 .debug_aranges
                0x000000e0       0x20 ./src/hal_entry.o
 .debug_aranges
                0x00000100       0x20 ./src/hal_warmstart.o
 .debug_aranges
                0x00000120       0x20 ./ra_gen/common_data.o
 .debug_aranges
                0x00000140       0x20 ./ra_gen/hal_data.o
 .debug_aranges
                0x00000160       0x20 ./ra_gen/main.o
 .debug_aranges
                0x00000180       0x18 ./ra_gen/pin_data.o
 .debug_aranges
                0x00000198       0x18 ./ra_gen/vector_data.o
 .debug_aranges
                0x000001b0       0xa0 ./ra/fsp/src/r_sci_uart/r_sci_uart.o
 .debug_aranges
                0x00000250       0x70 ./ra/fsp/src/r_sci_i2c/r_sci_i2c.o
 .debug_aranges
                0x000002c0       0x90 ./ra/fsp/src/r_ioport/r_ioport.o
 .debug_aranges
                0x00000350      0x100 ./ra/fsp/src/r_gpt/r_gpt.o
 .debug_aranges
                0x00000450       0x18 ./ra/fsp/src/bsp/mcu/ra6m5/bsp_linker.o
 .debug_aranges
                0x00000468       0x70 ./ra/fsp/src/bsp/mcu/all/bsp_clocks.o
 .debug_aranges
                0x000004d8       0x30 ./ra/fsp/src/bsp/mcu/all/bsp_common.o
 .debug_aranges
                0x00000508       0x28 ./ra/fsp/src/bsp/mcu/all/bsp_delay.o
 .debug_aranges
                0x00000530       0x28 ./ra/fsp/src/bsp/mcu/all/bsp_group_irq.o
 .debug_aranges
                0x00000558       0x18 ./ra/fsp/src/bsp/mcu/all/bsp_io.o
 .debug_aranges
                0x00000570       0x20 ./ra/fsp/src/bsp/mcu/all/bsp_irq.o
 .debug_aranges
                0x00000590       0x28 ./ra/fsp/src/bsp/mcu/all/bsp_register_protection.o
 .debug_aranges
                0x000005b8       0x28 ./ra/fsp/src/bsp/cmsis/Device/RENESAS/Source/startup.o
 .debug_aranges
                0x000005e0       0x30 ./ra/fsp/src/bsp/cmsis/Device/RENESAS/Source/system.o

.debug_rnglists
                0x00000000      0xe5e
 .debug_rnglists
                0x00000000       0x1f ./src/UART/uart.o
 .debug_rnglists
                0x0000001f      0x177 ./src/OLED/OLED.o
 .debug_rnglists
                0x00000196       0x33 ./src/IIC/IIC.o
 .debug_rnglists
                0x000001c9       0x13 ./src/hal_entry.o
 .debug_rnglists
                0x000001dc       0x13 ./src/hal_warmstart.o
 .debug_rnglists
                0x000001ef       0x13 ./ra_gen/common_data.o
 .debug_rnglists
                0x00000202       0x13 ./ra_gen/hal_data.o
 .debug_rnglists
                0x00000215       0x13 ./ra_gen/main.o
 .debug_rnglists
                0x00000228      0x26c ./ra/fsp/src/r_sci_uart/r_sci_uart.o
 .debug_rnglists
                0x00000494      0x235 ./ra/fsp/src/r_sci_i2c/r_sci_i2c.o
 .debug_rnglists
                0x000006c9       0xbc ./ra/fsp/src/r_ioport/r_ioport.o
 .debug_rnglists
                0x00000785      0x470 ./ra/fsp/src/r_gpt/r_gpt.o
 .debug_rnglists
                0x00000bf5      0x118 ./ra/fsp/src/bsp/mcu/all/bsp_clocks.o
 .debug_rnglists
                0x00000d0d       0x1f ./ra/fsp/src/bsp/mcu/all/bsp_common.o
 .debug_rnglists
                0x00000d2c       0x35 ./ra/fsp/src/bsp/mcu/all/bsp_delay.o
 .debug_rnglists
                0x00000d61       0x37 ./ra/fsp/src/bsp/mcu/all/bsp_group_irq.o
 .debug_rnglists
                0x00000d98       0x41 ./ra/fsp/src/bsp/mcu/all/bsp_irq.o
 .debug_rnglists
                0x00000dd9       0x31 ./ra/fsp/src/bsp/mcu/all/bsp_register_protection.o
 .debug_rnglists
                0x00000e0a       0x19 ./ra/fsp/src/bsp/cmsis/Device/RENESAS/Source/startup.o
 .debug_rnglists
                0x00000e23       0x3b ./ra/fsp/src/bsp/cmsis/Device/RENESAS/Source/system.o

.debug_line     0x00000000     0xa503
 .debug_line    0x00000000      0x427 ./src/UART/uart.o
 .debug_line    0x00000427     0x10d2 ./src/OLED/OLED.o
 .debug_line    0x000014f9      0x59b ./src/IIC/IIC.o
 .debug_line    0x00001a94      0x1a6 ./src/hal_entry.o
 .debug_line    0x00001c3a      0x2c1 ./src/hal_warmstart.o
 .debug_line    0x00001efb      0x261 ./ra_gen/common_data.o
 .debug_line    0x0000215c      0x36c ./ra_gen/hal_data.o
 .debug_line    0x000024c8       0x5e ./ra_gen/main.o
 .debug_line    0x00002526      0x1d6 ./ra_gen/pin_data.o
 .debug_line    0x000026fc      0x132 ./ra_gen/vector_data.o
 .debug_line    0x0000282e     0x18be ./ra/fsp/src/r_sci_uart/r_sci_uart.o
 .debug_line    0x000040ec     0x1112 ./ra/fsp/src/r_sci_i2c/r_sci_i2c.o
 .debug_line    0x000051fe      0xadc ./ra/fsp/src/r_ioport/r_ioport.o
 .debug_line    0x00005cda     0x222b ./ra/fsp/src/r_gpt/r_gpt.o
 .debug_line    0x00007f05      0x10d ./ra/fsp/src/bsp/mcu/ra6m5/bsp_linker.o
 .debug_line    0x00008012      0xbec ./ra/fsp/src/bsp/mcu/all/bsp_clocks.o
 .debug_line    0x00008bfe      0x247 ./ra/fsp/src/bsp/mcu/all/bsp_common.o
 .debug_line    0x00008e45      0x2a1 ./ra/fsp/src/bsp/mcu/all/bsp_delay.o
 .debug_line    0x000090e6      0x2ce ./ra/fsp/src/bsp/mcu/all/bsp_group_irq.o
 .debug_line    0x000093b4      0x142 ./ra/fsp/src/bsp/mcu/all/bsp_io.o
 .debug_line    0x000094f6      0x4a8 ./ra/fsp/src/bsp/mcu/all/bsp_irq.o
 .debug_line    0x0000999e      0x386 ./ra/fsp/src/bsp/mcu/all/bsp_register_protection.o
 .debug_line    0x00009d24      0x1ae ./ra/fsp/src/bsp/cmsis/Device/RENESAS/Source/startup.o
 .debug_line    0x00009ed2      0x631 ./ra/fsp/src/bsp/cmsis/Device/RENESAS/Source/system.o

.debug_str      0x00000000    0x11b24
 .debug_str     0x00000000    0x11b24 ./src/UART/uart.o
                               0x416e (size before relaxing)
 .debug_str     0x00011b24     0x2ccc ./src/OLED/OLED.o
 .debug_str     0x00011b24     0x2d23 ./src/IIC/IIC.o
 .debug_str     0x00011b24      0x300 ./src/hal_entry.o
 .debug_str     0x00011b24     0x3209 ./src/hal_warmstart.o
 .debug_str     0x00011b24     0x33ce ./ra_gen/common_data.o
 .debug_str     0x00011b24     0xb52f ./ra_gen/hal_data.o
 .debug_str     0x00011b24      0x1e1 ./ra_gen/main.o
 .debug_str     0x00011b24     0x1db1 ./ra_gen/pin_data.o
 .debug_str     0x00011b24     0x1e60 ./ra_gen/vector_data.o
 .debug_str     0x00011b24     0x6e70 ./ra/fsp/src/r_sci_uart/r_sci_uart.o
 .debug_str     0x00011b24     0x3a89 ./ra/fsp/src/r_sci_i2c/r_sci_i2c.o
 .debug_str     0x00011b24     0x5d3e ./ra/fsp/src/r_ioport/r_ioport.o
 .debug_str     0x00011b24     0x70e2 ./ra/fsp/src/r_gpt/r_gpt.o
 .debug_str     0x00011b24      0x8b6 ./ra/fsp/src/bsp/mcu/ra6m5/bsp_linker.o
 .debug_str     0x00011b24     0x2d1c ./ra/fsp/src/bsp/mcu/all/bsp_clocks.o
 .debug_str     0x00011b24     0x1cc3 ./ra/fsp/src/bsp/mcu/all/bsp_common.o
 .debug_str     0x00011b24      0x32b ./ra/fsp/src/bsp/mcu/all/bsp_delay.o
 .debug_str     0x00011b24     0x222a ./ra/fsp/src/bsp/mcu/all/bsp_group_irq.o
 .debug_str     0x00011b24      0x20a ./ra/fsp/src/bsp/mcu/all/bsp_io.o
 .debug_str     0x00011b24     0x2814 ./ra/fsp/src/bsp/mcu/all/bsp_irq.o
 .debug_str     0x00011b24     0x1b83 ./ra/fsp/src/bsp/mcu/all/bsp_register_protection.o
 .debug_str     0x00011b24      0x279 ./ra/fsp/src/bsp/cmsis/Device/RENESAS/Source/startup.o
 .debug_str     0x00011b24      0xadb ./ra/fsp/src/bsp/cmsis/Device/RENESAS/Source/system.o

.debug_frame    0x00000000      0xdc4
 .debug_frame   0x00000000       0x64 ./src/UART/uart.o
 .debug_frame   0x00000064      0x178 ./src/OLED/OLED.o
 .debug_frame   0x000001dc       0xc0 ./src/IIC/IIC.o
 .debug_frame   0x0000029c       0x28 ./src/hal_entry.o
 .debug_frame   0x000002c4       0x20 ./src/hal_warmstart.o
 .debug_frame   0x000002e4       0x20 ./ra_gen/common_data.o
 .debug_frame   0x00000304       0x20 ./ra_gen/hal_data.o
 .debug_frame   0x00000324       0x28 ./ra_gen/main.o
 .debug_frame   0x0000034c      0x1e8 ./ra/fsp/src/r_sci_uart/r_sci_uart.o
 .debug_frame   0x00000534      0x114 ./ra/fsp/src/r_sci_i2c/r_sci_i2c.o
 .debug_frame   0x00000648      0x17c ./ra/fsp/src/r_ioport/r_ioport.o
 .debug_frame   0x000007c4      0x2c8 ./ra/fsp/src/r_gpt/r_gpt.o
 .debug_frame   0x00000a8c      0x110 ./ra/fsp/src/bsp/mcu/all/bsp_clocks.o
 .debug_frame   0x00000b9c       0x40 ./ra/fsp/src/bsp/mcu/all/bsp_common.o
 .debug_frame   0x00000bdc       0x4c ./ra/fsp/src/bsp/mcu/all/bsp_delay.o
 .debug_frame   0x00000c28       0x3c ./ra/fsp/src/bsp/mcu/all/bsp_group_irq.o
 .debug_frame   0x00000c64       0x34 ./ra/fsp/src/bsp/mcu/all/bsp_irq.o
 .debug_frame   0x00000c98       0x48 ./ra/fsp/src/bsp/mcu/all/bsp_register_protection.o
 .debug_frame   0x00000ce0       0x38 ./ra/fsp/src/bsp/cmsis/Device/RENESAS/Source/startup.o
 .debug_frame   0x00000d18       0x64 ./ra/fsp/src/bsp/cmsis/Device/RENESAS/Source/system.o
 .debug_frame   0x00000d7c       0x20 D:/e2_studio/toolchains/gcc_arm/13.2.rel1/bin/../lib/gcc/arm-none-eabi/13.2.1/thumb/v8-m.main+fp/hard\libg_nano.a(libc_a-memset.o)
 .debug_frame   0x00000d9c       0x28 D:/e2_studio/toolchains/gcc_arm/13.2.rel1/bin/../lib/gcc/arm-none-eabi/13.2.1/thumb/v8-m.main+fp/hard\libg_nano.a(libc_a-memcpy-stub.o)
